Last login: Wed Feb 14 14:33:50 on ttys000
You have new mail.
192:~ Salma$ cd desktop/SalmaSprint0
192:SalmaSprint0 Salma$ git init
Initialized empty Git repository in /Users/Salma/Desktop/SalmaSprint0/.git/
192:SalmaSprint0 Salma$ git add "Branching.txt"
192:SalmaSprint0 Salma$ git add "Distributed.txt"
192:SalmaSprint0 Salma$ git add "Started.txt"
192:SalmaSprint0 Salma$ git rm -cached Branching.txt
error: did you mean `--cached` (with two dashes ?)
192:SalmaSprint0 Salma$ git rm --cached Branching.txt
rm 'Branching.txt'
192:SalmaSprint0 Salma$ git reset Branching.txt
192:SalmaSprint0 Salma$ git ls-files --deleted
192:SalmaSprint0 Salma$ git rm --cached Branching.txt
fatal: pathspec 'Branching.txt' did not match any files
192:SalmaSprint0 Salma$ git status
On branch master

No commits yet

Changes to be committed:
  (use "git rm --cached <file>..." to unstage)

	new file:   Distributed.txt
	new file:   Started.txt

Untracked files:
  (use "git add <file>..." to include in what will be committed)

	Branching.txt

192:SalmaSprint0 Salma$ git reset HEAD .
fatal: ambiguous argument 'HEAD': unknown revision or path not in the working tree.
Use '--' to separate paths from revisions, like this:
'git <command> [<revision>...] -- [<file>...]'
192:SalmaSprint0 Salma$ git add "Branching.txt"
192:SalmaSprint0 Salma$ git status
On branch master

No commits yet

Changes to be committed:
  (use "git rm --cached <file>..." to unstage)

	new file:   Branching.txt
	new file:   Distributed.txt
	new file:   Started.txt

192:SalmaSprint0 Salma$ git commit -m
error: switch `m' requires a value
usage: git commit [<options>] [--] <pathspec>...

    -q, --quiet           suppress summary after successful commit
    -v, --verbose         show diff in commit message template

Commit message options
    -F, --file <file>     read message from file
    --author <author>     override author for commit
    --date <date>         override date for commit
    -m, --message <message>
                          commit message
    -c, --reedit-message <commit>
                          reuse and edit message from specified commit
    -C, --reuse-message <commit>
                          reuse message from specified commit
    --fixup <commit>      use autosquash formatted message to fixup specified commit
    --squash <commit>     use autosquash formatted message to squash specified commit
    --reset-author        the commit is authored by me now (used with -C/-c/--amend)
    -s, --signoff         add Signed-off-by:
    -t, --template <file>
                          use specified template file
    -e, --edit            force edit of commit
    --cleanup <default>   how to strip spaces and #comments from message
    --status              include status in commit message template
    -S, --gpg-sign[=<key-id>]
                          GPG sign commit

Commit contents options
    -a, --all             commit all changed files
    -i, --include         add specified files to index for commit
    --interactive         interactively add files
    -p, --patch           interactively add changes
    -o, --only            commit only specified files
    -n, --no-verify       bypass pre-commit and commit-msg hooks
    --dry-run             show what would be committed
    --short               show status concisely
    --branch              show branch information
    --porcelain           machine-readable output
    --long                show status in long format (default)
    -z, --null            terminate entries with NUL
    --amend               amend previous commit
    --no-post-rewrite     bypass post-rewrite hook
    -u, --untracked-files[=<mode>]
                          show untracked files, optional modes: all, normal, no. (Default: all)

192:SalmaSprint0 Salma$ git commit -m "Successful"
[master (root-commit) fac135d] Successful
 Committer: salmaosamaelkholy <Salma@192.168.1.35>
Your name and email address were configured automatically based
on your username and hostname. Please check that they are accurate.
You can suppress this message by setting them explicitly:

    git config --global user.name "Your Name"
    git config --global user.email you@example.com

After doing this, you may fix the identity used for this commit with:

    git commit --amend --reset-author

 3 files changed, 188 insertions(+)
 create mode 100644 Branching.txt
 create mode 100644 Distributed.txt
 create mode 100644 Started.txt
192:SalmaSprint0 Salma$ git congif --global user.name "salmaosamaelkholy"
git: 'congif' is not a git command. See 'git --help'.

The most similar command is
	config
192:SalmaSprint0 Salma$ git config --global user.name "salmaosamaelkholy"
192:SalmaSprint0 Salma$ git config --global user.email "salmaosama@outlook.com"
192:SalmaSprint0 Salma$ git remote add origin https://github.com/salmaosamaelkholy/SalmaSprint0.git
192:SalmaSprint0 Salma$ git push --all
Username for 'https://github.com': salmaosamaelkholy
Password for 'https://salmaosamaelkholy@github.com': 
Jaimeparis9

Counting objects: 5, done.
Delta compression using up to 4 threads.
Compressing objects: 100% (5/5), done.
Writing objects: 100% (5/5), 8.02 KiB | 2.67 MiB/s, done.
Total 5 (delta 0), reused 0 (delta 0)
To https://github.com/salmaosamaelkholy/SalmaSprint0.git
 * [new branch]      master -> master
192:SalmaSprint0 Salma$ Jaimeparis9
-bash: Jaimeparis9: command not found
192:SalmaSprint0 Salma$ 
192:SalmaSprint0 Salma$ git push --all
Everything up-to-date
192:SalmaSprint0 Salma$ git checkout -b ReadMe
Switched to a new branch 'ReadMe'
192:SalmaSprint0 Salma$ git init
Reinitialized existing Git repository in /Users/Salma/Desktop/SalmaSprint0/.git/
192:SalmaSprint0 Salma$ git add README.md
192:SalmaSprint0 Salma$ git commit -m "Successful"
[ReadMe 72b1001] Successful
 1 file changed, 11 insertions(+)
 create mode 100644 README.md
192:SalmaSprint0 Salma$ git push -- all
fatal: 'all' does not appear to be a git repository
fatal: Could not read from remote repository.

Please make sure you have the correct access rights
and the repository exists.
192:SalmaSprint0 Salma$ git push --all
Counting objects: 3, done.
Delta compression using up to 4 threads.
Compressing objects: 100% (3/3), done.
Writing objects: 100% (3/3), 572 bytes | 572.00 KiB/s, done.
Total 3 (delta 0), reused 0 (delta 0)
To https://github.com/salmaosamaelkholy/SalmaSprint0.git
 * [new branch]      ReadMe -> ReadMe
192:SalmaSprint0 Salma$ git checkout master
Switched to branch 'master'
192:SalmaSprint0 Salma$ git pull origin master
From https://github.com/salmaosamaelkholy/SalmaSprint0
 * branch            master     -> FETCH_HEAD
Already up to date.
192:SalmaSprint0 Salma$ git merge ReadMe
Updating fac135d..72b1001
Fast-forward
 README.md | 11 +++++++++++
 1 file changed, 11 insertions(+)
 create mode 100644 README.md
192:SalmaSprint0 Salma$ git push origin master
Total 0 (delta 0), reused 0 (delta 0)
To https://github.com/salmaosamaelkholy/SalmaSprint0.git
   fac135d..72b1001  master -> master
192:SalmaSprint0 Salma$ 
